// Jest Snapshot v1, https://goo.gl/fbAQLP

exports[`src > components > Counter renders without crashing 1`] = `
<Provider
  store={
    Object {
      "clearActions": [Function],
      "dispatch": [MockFunction],
      "getActions": [Function],
      "getState": [Function],
      "replaceReducer": [Function],
      "subscribe": [Function],
    }
  }
>
  <Counter>
    <div>
      <div>
        Counter component
      </div>
      <button
        onClick={[Function]}
        type="button"
      >
        Click me!
      </button>
      <div>
        You clicked: 
        <strong>
          6
        </strong>
         times.
      </div>
    </div>
  </Counter>
</Provider>
`;
