// Jest Snapshot v1, https://goo.gl/fbAQLP

exports[`renders without crashing 1`] = `
<Provider
  store={
    Object {
      "dispatch": [Function],
      "getState": [Function],
      "replaceReducer": [Function],
      "subscribe": [Function],
      Symbol(observable): [Function],
    }
  }
>
  <App>
    <div
      className="container"
    >
      <Counter>
        <div
          className="counter"
        >
          <h2
            className="header"
          >
            Counter component
          </h2>
          <button
            className="button"
            onClick={[Function]}
            type="button"
          >
            Click me!
          </button>
          <div>
            You clicked: 
            <strong>
              0
            </strong>
             times.
          </div>
        </div>
      </Counter>
    </div>
  </App>
</Provider>
`;
