// Jest Snapshot v1, https://goo.gl/fbAQLP

exports[`src > components > Sample.js renders without crashing 1`] = `
<div>
  <div>
    Hello from sample component!
  </div>
  <button
    onClick={[MockFunction]}
    type="button"
  >
    Click me!
  </button>
  <div>
    You clicked: 
    0
     times.
  </div>
</div>
`;
